<html>
<body>
<pre>
<h1>礦ision Build Log</h1>
<h2>Project:</h2>
E:\STM32设计\EC20\EC20开发资料\LCC资料\04_单片机源代码\EC20代码\EC20发GPS数据到服务器\USER\test.uvproj
Project File Date:  01/13/2017

<h2>Output:</h2>
Build target 'Target 1'
compiling main.c...
main.c(15): warning:  #177-D: variable "strx" was declared but never referenced
compiling stm32f10x_it.c...
compiling system_stm32f10x.c...
compiling led.c...
compiling wdg.c...
compiling EC20.c...
..\HARDWARE\EC20\EC20.c(29): warning:  #177-D: variable "i" was declared but never referenced
compiling stm32f10x_gpio.c...
compiling stm32f10x_iwdg.c...
compiling stm32f10x_usart.c...
compiling stm32f10x_rcc.c...
compiling stm32f10x_flash.c...
compiling misc.c...
compiling core_cm3.c...
compiling usart.c...
compiling delay.c...
compiling sys.c...
linking...
Program Size: Code=7516 RO-data=268 RW-data=72 ZI-data=1736  
".\test.axf" - 0 Errors, 2 Warning(s).
Build target 'Target 1'
compiling main.c...
main.c(15): warning:  #177-D: variable "strx" was declared but never referenced
compiling EC20.c...
..\HARDWARE\EC20\EC20.c(29): warning:  #177-D: variable "i" was declared but never referenced
linking...
Program Size: Code=7504 RO-data=268 RW-data=72 ZI-data=1736  
".\test.axf" - 0 Errors, 2 Warning(s).
Build target 'Target 1'
compiling EC20.c...
..\HARDWARE\EC20\EC20.c(29): warning:  #177-D: variable "i" was declared but never referenced
linking...
Program Size: Code=7504 RO-data=268 RW-data=72 ZI-data=1736  
".\test.axf" - 0 Errors, 1 Warning(s).
Build target 'Target 1'
compiling main.c...
main.c(15): warning:  #177-D: variable "strx" was declared but never referenced
compiling EC20.c...
..\HARDWARE\EC20\EC20.c(29): warning:  #177-D: variable "i" was declared but never referenced
linking...
Program Size: Code=7844 RO-data=268 RW-data=72 ZI-data=1736  
".\test.axf" - 0 Errors, 2 Warning(s).
Build target 'Target 1'
compiling main.c...
compiling EC20.c...
..\HARDWARE\EC20\EC20.c(29): warning:  #177-D: variable "i" was declared but never referenced
linking...
Program Size: Code=7916 RO-data=268 RW-data=72 ZI-data=1736  
".\test.axf" - 0 Errors, 1 Warning(s).
Load "E:\\STM32设计\\EC20\\EC20开发资料\\LCC资料\\04_单片机源代码\\EC20代码\\EC20发GPS数据到服务器\\USER\\test.axf" 
Full Chip Erase Done.
Programming Done.
Verify OK.
Application running ...
Build target 'Target 1'
compiling main.c...
linking...
Program Size: Code=7916 RO-data=268 RW-data=72 ZI-data=1736  
".\test.axf" - 0 Errors, 0 Warning(s).
Load "E:\\STM32设计\\EC20\\EC20开发资料\\LCC资料\\04_单片机源代码\\EC20代码\\EC20发GPS数据到服务器\\USER\\test.axf" 
Full Chip Erase Done.
Programming Done.
Verify OK.
Application running ...
Build target 'Target 1'
compiling EC20.c...
..\HARDWARE\EC20\EC20.c(29): warning:  #177-D: variable "i" was declared but never referenced
linking...
Program Size: Code=7912 RO-data=268 RW-data=72 ZI-data=1736  
".\test.axf" - 0 Errors, 1 Warning(s).
Load "E:\\STM32设计\\EC20\\EC20开发资料\\LCC资料\\04_单片机源代码\\EC20代码\\EC20发GPS数据到服务器\\USER\\test.axf" 
Full Chip Erase Done.
Programming Done.
Verify OK.
Application running ...
