<html>
<body>
<pre>
<h1>礦ision Build Log</h1>
<h2>Project:</h2>
F:\2016-2017设计\8月份订单\100电流GPRS采集远程传输8.21\GPRS设计代码_M26\USER\Test.uvproj
Project File Date:  09/12/2016

<h2>Output:</h2>
Build target 'Target 1'
compiling main.c...
main.c(134): warning:  #167-D: argument of type "u8 *" is incompatible with parameter of type "const char *restrict"
  printf(data);
main.c(181): warning:  #111-D: statement is unreachable
         C_M26=1;
main.c: 2 warnings, 0 errors
compiling stm32f10x_it.c...
compiling system_stm32f10x.c...
compiling led.c...
compiling adc.c...
compiling wdg.c...
compiling RTC_Alarm.c...
compiling delay.c...
compiling sys.c...
compiling usart.c...
compiling core_cm3.c...
assembling startup_stm32f10x_md.s...
compiling misc.c...
compiling stm32f10x_fsmc.c...
compiling stm32f10x_gpio.c...
compiling stm32f10x_rcc.c...
compiling stm32f10x_can.c...
compiling stm32f10x_usart.c...
compiling stm32f10x_exti.c...
compiling stm32f10x_tim.c...
compiling stm32f10x_flash.c...
compiling stm32f10x_adc.c...
compiling stm32f10x_iwdg.c...
compiling stm32f10x_rtc.c...
compiling stm32f10x_pwr.c...
compiling stm32f10x_bkp.c...
linking...
Program Size: Code=8844 RO-data=268 RW-data=72 ZI-data=1832  
FromELF: creating hex file...
"..\OBJ\CAN.axf" - 0 Error(s), 2 Warning(s).
Load "..\\OBJ\\CAN.axf" 
Erase Failed!
Error: Flash Download failed  -  "Cortex-M3"
Load "..\\OBJ\\CAN.axf" 
Erase Done.
Programming Done.
Verify Failed!
Cannot access Memory
Error: Flash Download failed  -  "Cortex-M3"
Load "..\\OBJ\\CAN.axf" 
Error: Flash Download failed  -  Target DLL has been cancelled
Load "..\\OBJ\\CAN.axf" 
Erase Failed!
Cannot access Memory
Error: Flash Download failed  -  "Cortex-M3"
</pre>
</body>
</html>
